Archive member included to satisfy reference by file (symbol)

d:/stm32/stm32cubeide_1.5.0/stm32cubeide/plugins/com.st.stm32cube.ide.mcu.externaltools.gnu-tools-for-stm32.7-2018-q2-update.win32_1.5.0.202011040924/tools/bin/../lib/gcc/arm-none-eabi/7.3.1/../../../../arm-none-eabi/lib/thumb/v7-m\libc_nano.a(lib_a-errno.o)
                              Core/Src/syscalls.o (__errno)
d:/stm32/stm32cubeide_1.5.0/stm32cubeide/plugins/com.st.stm32cube.ide.mcu.externaltools.gnu-tools-for-stm32.7-2018-q2-update.win32_1.5.0.202011040924/tools/bin/../lib/gcc/arm-none-eabi/7.3.1/../../../../arm-none-eabi/lib/thumb/v7-m\libc_nano.a(lib_a-exit.o)
                              d:/stm32/stm32cubeide_1.5.0/stm32cubeide/plugins/com.st.stm32cube.ide.mcu.externaltools.gnu-tools-for-stm32.7-2018-q2-update.win32_1.5.0.202011040924/tools/bin/../lib/gcc/arm-none-eabi/7.3.1/../../../../arm-none-eabi/lib/thumb/v7-m/crt0.o (exit)
d:/stm32/stm32cubeide_1.5.0/stm32cubeide/plugins/com.st.stm32cube.ide.mcu.externaltools.gnu-tools-for-stm32.7-2018-q2-update.win32_1.5.0.202011040924/tools/bin/../lib/gcc/arm-none-eabi/7.3.1/../../../../arm-none-eabi/lib/thumb/v7-m\libc_nano.a(lib_a-impure.o)
                              d:/stm32/stm32cubeide_1.5.0/stm32cubeide/plugins/com.st.stm32cube.ide.mcu.externaltools.gnu-tools-for-stm32.7-2018-q2-update.win32_1.5.0.202011040924/tools/bin/../lib/gcc/arm-none-eabi/7.3.1/../../../../arm-none-eabi/lib/thumb/v7-m\libc_nano.a(lib_a-exit.o) (_global_impure_ptr)
d:/stm32/stm32cubeide_1.5.0/stm32cubeide/plugins/com.st.stm32cube.ide.mcu.externaltools.gnu-tools-for-stm32.7-2018-q2-update.win32_1.5.0.202011040924/tools/bin/../lib/gcc/arm-none-eabi/7.3.1/../../../../arm-none-eabi/lib/thumb/v7-m\libc_nano.a(lib_a-init.o)
                              d:/stm32/stm32cubeide_1.5.0/stm32cubeide/plugins/com.st.stm32cube.ide.mcu.externaltools.gnu-tools-for-stm32.7-2018-q2-update.win32_1.5.0.202011040924/tools/bin/../lib/gcc/arm-none-eabi/7.3.1/../../../../arm-none-eabi/lib/thumb/v7-m/crt0.o (__libc_init_array)
d:/stm32/stm32cubeide_1.5.0/stm32cubeide/plugins/com.st.stm32cube.ide.mcu.externaltools.gnu-tools-for-stm32.7-2018-q2-update.win32_1.5.0.202011040924/tools/bin/../lib/gcc/arm-none-eabi/7.3.1/../../../../arm-none-eabi/lib/thumb/v7-m\libc_nano.a(lib_a-memset.o)
                              d:/stm32/stm32cubeide_1.5.0/stm32cubeide/plugins/com.st.stm32cube.ide.mcu.externaltools.gnu-tools-for-stm32.7-2018-q2-update.win32_1.5.0.202011040924/tools/bin/../lib/gcc/arm-none-eabi/7.3.1/../../../../arm-none-eabi/lib/thumb/v7-m/crt0.o (memset)

Allocating common symbols
Common symbol       size              file

uwTick              0x4               Drivers/STM32F1xx_HAL_Driver/Src/stm32f1xx_hal.o
pFlash              0x20              Drivers/STM32F1xx_HAL_Driver/Src/stm32f1xx_hal_flash.o

Discarded input sections

 .text          0x0000000000000000        0x0 d:/stm32/stm32cubeide_1.5.0/stm32cubeide/plugins/com.st.stm32cube.ide.mcu.externaltools.gnu-tools-for-stm32.7-2018-q2-update.win32_1.5.0.202011040924/tools/bin/../lib/gcc/arm-none-eabi/7.3.1/thumb/v7-m/crti.o
 .data          0x0000000000000000        0x0 d:/stm32/stm32cubeide_1.5.0/stm32cubeide/plugins/com.st.stm32cube.ide.mcu.externaltools.gnu-tools-for-stm32.7-2018-q2-update.win32_1.5.0.202011040924/tools/bin/../lib/gcc/arm-none-eabi/7.3.1/thumb/v7-m/crti.o
 .bss           0x0000000000000000        0x0 d:/stm32/stm32cubeide_1.5.0/stm32cubeide/plugins/com.st.stm32cube.ide.mcu.externaltools.gnu-tools-for-stm32.7-2018-q2-update.win32_1.5.0.202011040924/tools/bin/../lib/gcc/arm-none-eabi/7.3.1/thumb/v7-m/crti.o
 .data          0x0000000000000000        0x4 d:/stm32/stm32cubeide_1.5.0/stm32cubeide/plugins/com.st.stm32cube.ide.mcu.externaltools.gnu-tools-for-stm32.7-2018-q2-update.win32_1.5.0.202011040924/tools/bin/../lib/gcc/arm-none-eabi/7.3.1/thumb/v7-m/crtbegin.o
 .text          0x0000000000000000       0x74 d:/stm32/stm32cubeide_1.5.0/stm32cubeide/plugins/com.st.stm32cube.ide.mcu.externaltools.gnu-tools-for-stm32.7-2018-q2-update.win32_1.5.0.202011040924/tools/bin/../lib/gcc/arm-none-eabi/7.3.1/../../../../arm-none-eabi/lib/thumb/v7-m/crt0.o
 .data          0x0000000000000000        0x0 d:/stm32/stm32cubeide_1.5.0/stm32cubeide/plugins/com.st.stm32cube.ide.mcu.externaltools.gnu-tools-for-stm32.7-2018-q2-update.win32_1.5.0.202011040924/tools/bin/../lib/gcc/arm-none-eabi/7.3.1/../../../../arm-none-eabi/lib/thumb/v7-m/crt0.o
 .bss           0x0000000000000000        0x0 d:/stm32/stm32cubeide_1.5.0/stm32cubeide/plugins/com.st.stm32cube.ide.mcu.externaltools.gnu-tools-for-stm32.7-2018-q2-update.win32_1.5.0.202011040924/tools/bin/../lib/gcc/arm-none-eabi/7.3.1/../../../../arm-none-eabi/lib/thumb/v7-m/crt0.o
[...]
Memory Configuration

Name             Origin             Length             Attributes
RAM              0x0000000020000000 0x0000000000002800 xrw
FLASH            0x0000000008000000 0x0000000000008000 xr
*default*        0x0000000000000000 0xffffffffffffffff

Linker script and memory map

LOAD d:/stm32/stm32cubeide_1.5.0/stm32cubeide/plugins/com.st.stm32cube.ide.mcu.externaltools.gnu-tools-for-stm32.7-2018-q2-update.win32_1.5.0.202011040924/tools/bin/../lib/gcc/arm-none-eabi/7.3.1/thumb/v7-m/crti.o
LOAD d:/stm32/stm32cubeide_1.5.0/stm32cubeide/plugins/com.st.stm32cube.ide.mcu.externaltools.gnu-tools-for-stm32.7-2018-q2-update.win32_1.5.0.202011040924/tools/bin/../lib/gcc/arm-none-eabi/7.3.1/thumb/v7-m/crtbegin.o
LOAD d:/stm32/stm32cubeide_1.5.0/stm32cubeide/plugins/com.st.stm32cube.ide.mcu.externaltools.gnu-tools-for-stm32.7-2018-q2-update.win32_1.5.0.202011040924/tools/bin/../lib/gcc/arm-none-eabi/7.3.1/../../../../arm-none-eabi/lib/thumb/v7-m/crt0.o
LOAD Core/Src/main.o
LOAD Core/Src/stm32f1xx_hal_msp.o
LOAD Core/Src/stm32f1xx_it.o
LOAD Core/Src/syscalls.o
LOAD Core/Src/sysmem.o
LOAD Core/Src/system_stm32f1xx.o
LOAD Core/Startup/startup_stm32f103c6ux.o
LOAD Drivers/STM32F1xx_HAL_Driver/Src/stm32f1xx_hal.o
LOAD Drivers/STM32F1xx_HAL_Driver/Src/stm32f1xx_hal_cortex.o
LOAD Drivers/STM32F1xx_HAL_Driver/Src/stm32f1xx_hal_dma.o
LOAD Drivers/STM32F1xx_HAL_Driver/Src/stm32f1xx_hal_exti.o
LOAD Drivers/STM32F1xx_HAL_Driver/Src/stm32f1xx_hal_flash.o
LOAD Drivers/STM32F1xx_HAL_Driver/Src/stm32f1xx_hal_flash_ex.o
LOAD Drivers/STM32F1xx_HAL_Driver/Src/stm32f1xx_hal_gpio.o
LOAD Drivers/STM32F1xx_HAL_Driver/Src/stm32f1xx_hal_gpio_ex.o
LOAD Drivers/STM32F1xx_HAL_Driver/Src/stm32f1xx_hal_pwr.o
LOAD Drivers/STM32F1xx_HAL_Driver/Src/stm32f1xx_hal_rcc.o
LOAD Drivers/STM32F1xx_HAL_Driver/Src/stm32f1xx_hal_rcc_ex.o
LOAD Drivers/STM32F1xx_HAL_Driver/Src/stm32f1xx_hal_tim.o
LOAD Drivers/STM32F1xx_HAL_Driver/Src/stm32f1xx_hal_tim_ex.o
START GROUP
LOAD d:/stm32/stm32cubeide_1.5.0/stm32cubeide/plugins/com.st.stm32cube.ide.mcu.externaltools.gnu-tools-for-stm32.7-2018-q2-update.win32_1.5.0.202011040924/tools/bin/../lib/gcc/arm-none-eabi/7.3.1/../../../../arm-none-eabi/lib/thumb/v7-m\libc_nano.a
LOAD d:/stm32/stm32cubeide_1.5.0/stm32cubeide/plugins/com.st.stm32cube.ide.mcu.externaltools.gnu-tools-for-stm32.7-2018-q2-update.win32_1.5.0.202011040924/tools/bin/../lib/gcc/arm-none-eabi/7.3.1/../../../../arm-none-eabi/lib/thumb/v7-m\libm.a
END GROUP
START GROUP
LOAD d:/stm32/stm32cubeide_1.5.0/stm32cubeide/plugins/com.st.stm32cube.ide.mcu.externaltools.gnu-tools-for-stm32.7-2018-q2-update.win32_1.5.0.202011040924/tools/bin/../lib/gcc/arm-none-eabi/7.3.1/thumb/v7-m\libgcc.a
LOAD d:/stm32/stm32cubeide_1.5.0/stm32cubeide/plugins/com.st.stm32cube.ide.mcu.externaltools.gnu-tools-for-stm32.7-2018-q2-update.win32_1.5.0.202011040924/tools/bin/../lib/gcc/arm-none-eabi/7.3.1/../../../../arm-none-eabi/lib/thumb/v7-m\libc_nano.a
END GROUP
START GROUP
LOAD d:/stm32/stm32cubeide_1.5.0/stm32cubeide/plugins/com.st.stm32cube.ide.mcu.externaltools.gnu-tools-for-stm32.7-2018-q2-update.win32_1.5.0.202011040924/tools/bin/../lib/gcc/arm-none-eabi/7.3.1/thumb/v7-m\libgcc.a
LOAD d:/stm32/stm32cubeide_1.5.0/stm32cubeide/plugins/com.st.stm32cube.ide.mcu.externaltools.gnu-tools-for-stm32.7-2018-q2-update.win32_1.5.0.202011040924/tools/bin/../lib/gcc/arm-none-eabi/7.3.1/../../../../arm-none-eabi/lib/thumb/v7-m\libc_nano.a
LOAD d:/stm32/stm32cubeide_1.5.0/stm32cubeide/plugins/com.st.stm32cube.ide.mcu.externaltools.gnu-tools-for-stm32.7-2018-q2-update.win32_1.5.0.202011040924/tools/bin/../lib/gcc/arm-none-eabi/7.3.1/../../../../arm-none-eabi/lib/thumb/v7-m\libnosys.a
END GROUP
START GROUP
LOAD d:/stm32/stm32cubeide_1.5.0/stm32cubeide/plugins/com.st.stm32cube.ide.mcu.externaltools.gnu-tools-for-stm32.7-2018-q2-update.win32_1.5.0.202011040924/tools/bin/../lib/gcc/arm-none-eabi/7.3.1/thumb/v7-m\libgcc.a
LOAD d:/stm32/stm32cubeide_1.5.0/stm32cubeide/plugins/com.st.stm32cube.ide.mcu.externaltools.gnu-tools-for-stm32.7-2018-q2-update.win32_1.5.0.202011040924/tools/bin/../lib/gcc/arm-none-eabi/7.3.1/../../../../arm-none-eabi/lib/thumb/v7-m\libc_nano.a
LOAD d:/stm32/stm32cubeide_1.5.0/stm32cubeide/plugins/com.st.stm32cube.ide.mcu.externaltools.gnu-tools-for-stm32.7-2018-q2-update.win32_1.5.0.202011040924/tools/bin/../lib/gcc/arm-none-eabi/7.3.1/../../../../arm-none-eabi/lib/thumb/v7-m\libnosys.a
END GROUP
LOAD d:/stm32/stm32cubeide_1.5.0/stm32cubeide/plugins/com.st.stm32cube.ide.mcu.externaltools.gnu-tools-for-stm32.7-2018-q2-update.win32_1.5.0.202011040924/tools/bin/../lib/gcc/arm-none-eabi/7.3.1/thumb/v7-m/crtend.o
LOAD d:/stm32/stm32cubeide_1.5.0/stm32cubeide/plugins/com.st.stm32cube.ide.mcu.externaltools.gnu-tools-for-stm32.7-2018-q2-update.win32_1.5.0.202011040924/tools/bin/../lib/gcc/arm-none-eabi/7.3.1/thumb/v7-m/crtn.o
                0x0000000020002800                _estack = (ORIGIN (RAM) + LENGTH (RAM))
                0x0000000000000200                _Min_Heap_Size = 0x200
                0x0000000000000400                _Min_Stack_Size = 0x400

.isr_vector     0x0000000008000000      0x10c
                0x0000000008000000                . = ALIGN (0x4)
 *(.isr_vector)
 .isr_vector    0x0000000008000000      0x10c Core/Startup/startup_stm32f103c6ux.o
                0x0000000008000000                g_pfnVectors
                0x000000000800010c                . = ALIGN (0x4)

.text           0x000000000800010c     0x1218
                0x000000000800010c                . = ALIGN (0x4)
 *(.text)
 .text          0x000000000800010c       0x40 d:/stm32/stm32cubeide_1.5.0/stm32cubeide/plugins/com.st.stm32cube.ide.mcu.externaltools.gnu-tools-for-stm32.7-2018-q2-update.win32_1.5.0.202011040924/tools/bin/../lib/gcc/arm-none-eabi/7.3.1/thumb/v7-m/crtbegin.o
 *(.text*)
 .text.clearAllClock
                0x000000000800014c       0x8c Core/Src/main.o
                0x000000000800014c                clearAllClock
 .text.setNumberOnClock
                0x00000000080001d8       0xdc Core/Src/main.o
                0x00000000080001d8                setNumberOnClock
 .text.displayLED
                0x00000000080002b4       0x16 Core/Src/main.o
                0x00000000080002b4                displayLED
 .text.main     0x00000000080002ca       0x80 Core/Src/main.o
                0x00000000080002ca                main
 .text.SystemClock_Config
                0x000000000800034a       0x76 Core/Src/main.o
                0x000000000800034a                SystemClock_Config
 .text.MX_GPIO_Init
                0x00000000080003c0       0x68 Core/Src/main.o
 .text.Error_Handler
                0x0000000008000428        0x8 Core/Src/main.o
                0x0000000008000428                Error_Handler
 .text.HAL_MspInit
                0x0000000008000430       0x64 Core/Src/stm32f1xx_hal_msp.o
                0x0000000008000430                HAL_MspInit
 .text.NMI_Handler
                0x0000000008000494        0x6 Core/Src/stm32f1xx_it.o
                0x0000000008000494                NMI_Handler
 .text.HardFault_Handler
                0x000000000800049a        0x6 Core/Src/stm32f1xx_it.o
                0x000000000800049a                HardFault_Handler
 .text.MemManage_Handler
                0x00000000080004a0        0x6 Core/Src/stm32f1xx_it.o
                0x00000000080004a0                MemManage_Handler
 .text.BusFault_Handler
                0x00000000080004a6        0x6 Core/Src/stm32f1xx_it.o
                0x00000000080004a6                BusFault_Handler
 .text.UsageFault_Handler
                0x00000000080004ac        0x6 Core/Src/stm32f1xx_it.o
                0x00000000080004ac                UsageFault_Handler
 .text.SVC_Handler
                0x00000000080004b2        0xc Core/Src/stm32f1xx_it.o
                0x00000000080004b2                SVC_Handler
 .text.DebugMon_Handler
                0x00000000080004be        0xc Core/Src/stm32f1xx_it.o
                0x00000000080004be                DebugMon_Handler
 .text.PendSV_Handler
                0x00000000080004ca        0xc Core/Src/stm32f1xx_it.o
                0x00000000080004ca                PendSV_Handler
 .text.SysTick_Handler
                0x00000000080004d6        0xc Core/Src/stm32f1xx_it.o
                0x00000000080004d6                SysTick_Handler
 .text.SystemInit
                0x00000000080004e2        0xc Core/Src/system_stm32f1xx.o
                0x00000000080004e2                SystemInit
 *fill*         0x00000000080004ee        0x2 
 .text.Reset_Handler
                0x00000000080004f0       0x48 Core/Startup/startup_stm32f103c6ux.o
                0x00000000080004f0                Reset_Handler
 .text.Default_Handler
                0x0000000008000538        0x2 Core/Startup/startup_stm32f103c6ux.o
                0x0000000008000538                RTC_Alarm_IRQHandler
                0x0000000008000538                EXTI2_IRQHandler
                0x0000000008000538                TIM1_CC_IRQHandler
                0x0000000008000538                PVD_IRQHandler
                0x0000000008000538                EXTI3_IRQHandler
                0x0000000008000538                EXTI0_IRQHandler
                0x0000000008000538                ADC1_2_IRQHandler
                0x0000000008000538                SPI1_IRQHandler
                0x0000000008000538                TAMPER_IRQHandler
                0x0000000008000538                DMA1_Channel4_IRQHandler
                0x0000000008000538                RTC_IRQHandler
                0x0000000008000538                DMA1_Channel7_IRQHandler
                0x0000000008000538                CAN1_RX1_IRQHandler
                0x0000000008000538                I2C1_EV_IRQHandler
                0x0000000008000538                DMA1_Channel6_IRQHandler
                0x0000000008000538                TIM3_IRQHandler
                0x0000000008000538                RCC_IRQHandler
                0x0000000008000538                TIM1_TRG_COM_IRQHandler
                0x0000000008000538                DMA1_Channel1_IRQHandler
                0x0000000008000538                Default_Handler
                0x0000000008000538                EXTI15_10_IRQHandler
                0x0000000008000538                EXTI9_5_IRQHandler
                0x0000000008000538                DMA1_Channel5_IRQHandler
                0x0000000008000538                EXTI4_IRQHandler
                0x0000000008000538                USB_LP_CAN1_RX0_IRQHandler
                0x0000000008000538                USB_HP_CAN1_TX_IRQHandler
                0x0000000008000538                DMA1_Channel3_IRQHandler
                0x0000000008000538                TIM1_UP_IRQHandler
                0x0000000008000538                WWDG_IRQHandler
                0x0000000008000538                TIM2_IRQHandler
                0x0000000008000538                TIM1_BRK_IRQHandler
                0x0000000008000538                EXTI1_IRQHandler
                0x0000000008000538                USART2_IRQHandler
                0x0000000008000538                DMA1_Channel2_IRQHandler
                0x0000000008000538                CAN1_SCE_IRQHandler
                0x0000000008000538                FLASH_IRQHandler
                0x0000000008000538                USART1_IRQHandler
                0x0000000008000538                I2C1_ER_IRQHandler
                0x0000000008000538                USBWakeUp_IRQHandler
 *fill*         0x000000000800053a        0x2 
 .text.HAL_Init
                0x000000000800053c       0x2c Drivers/STM32F1xx_HAL_Driver/Src/stm32f1xx_hal.o
                0x000000000800053c                HAL_Init
 .text.HAL_InitTick
                0x0000000008000568       0x60 Drivers/STM32F1xx_HAL_Driver/Src/stm32f1xx_hal.o
                0x0000000008000568                HAL_InitTick
 .text.HAL_IncTick
                0x00000000080005c8       0x24 Drivers/STM32F1xx_HAL_Driver/Src/stm32f1xx_hal.o
                0x00000000080005c8                HAL_IncTick
 .text.HAL_GetTick
                0x00000000080005ec       0x14 Drivers/STM32F1xx_HAL_Driver/Src/stm32f1xx_hal.o
                0x00000000080005ec                HAL_GetTick
 .text.HAL_Delay
                0x0000000008000600       0x44 Drivers/STM32F1xx_HAL_Driver/Src/stm32f1xx_hal.o
                0x0000000008000600                HAL_Delay
 .text.__NVIC_SetPriorityGrouping
                0x0000000008000644       0x48 Drivers/STM32F1xx_HAL_Driver/Src/stm32f1xx_hal_cortex.o
 .text.__NVIC_GetPriorityGrouping
                0x000000000800068c       0x1c Drivers/STM32F1xx_HAL_Driver/Src/stm32f1xx_hal_cortex.o
 .text.__NVIC_SetPriority
                0x00000000080006a8       0x54 Drivers/STM32F1xx_HAL_Driver/Src/stm32f1xx_hal_cortex.o
 .text.NVIC_EncodePriority
                0x00000000080006fc       0x64 Drivers/STM32F1xx_HAL_Driver/Src/stm32f1xx_hal_cortex.o
 .text.SysTick_Config
                0x0000000008000760       0x44 Drivers/STM32F1xx_HAL_Driver/Src/stm32f1xx_hal_cortex.o
 .text.HAL_NVIC_SetPriorityGrouping
                0x00000000080007a4       0x16 Drivers/STM32F1xx_HAL_Driver/Src/stm32f1xx_hal_cortex.o
                0x00000000080007a4                HAL_NVIC_SetPriorityGrouping
 .text.HAL_NVIC_SetPriority
                0x00000000080007ba       0x38 Drivers/STM32F1xx_HAL_Driver/Src/stm32f1xx_hal_cortex.o
                0x00000000080007ba                HAL_NVIC_SetPriority
 .text.HAL_SYSTICK_Config
                0x00000000080007f2       0x18 Drivers/STM32F1xx_HAL_Driver/Src/stm32f1xx_hal_cortex.o
                0x00000000080007f2                HAL_SYSTICK_Config
 *fill*         0x000000000800080a        0x2 
 .text.HAL_GPIO_Init
                0x000000000800080c      0x2a4 Drivers/STM32F1xx_HAL_Driver/Src/stm32f1xx_hal_gpio.o
                0x000000000800080c                HAL_GPIO_Init
 .text.HAL_GPIO_WritePin
                0x0000000008000ab0       0x30 Drivers/STM32F1xx_HAL_Driver/Src/stm32f1xx_hal_gpio.o
                0x0000000008000ab0                HAL_GPIO_WritePin
 .text.HAL_RCC_OscConfig
                0x0000000008000ae0      0x500 Drivers/STM32F1xx_HAL_Driver/Src/stm32f1xx_hal_rcc.o
                0x0000000008000ae0                HAL_RCC_OscConfig
 .text.HAL_RCC_ClockConfig
                0x0000000008000fe0      0x1d4 Drivers/STM32F1xx_HAL_Driver/Src/stm32f1xx_hal_rcc.o
                0x0000000008000fe0                HAL_RCC_ClockConfig
 .text.HAL_RCC_GetSysClockFreq
                0x00000000080011b4       0xc4 Drivers/STM32F1xx_HAL_Driver/Src/stm32f1xx_hal_rcc.o
                0x00000000080011b4                HAL_RCC_GetSysClockFreq
 .text.RCC_Delay
                0x0000000008001278       0x3c Drivers/STM32F1xx_HAL_Driver/Src/stm32f1xx_hal_rcc.o
 .text.__libc_init_array
                0x00000000080012b4       0x48 d:/stm32/stm32cubeide_1.5.0/stm32cubeide/plugins/com.st.stm32cube.ide.mcu.externaltools.gnu-tools-for-stm32.7-2018-q2-update.win32_1.5.0.202011040924/tools/bin/../lib/gcc/arm-none-eabi/7.3.1/../../../../arm-none-eabi/lib/thumb/v7-m\libc_nano.a(lib_a-init.o)
                0x00000000080012b4                __libc_init_array
 .text.memset   0x00000000080012fc       0x10 d:/stm32/stm32cubeide_1.5.0/stm32cubeide/plugins/com.st.stm32cube.ide.mcu.externaltools.gnu-tools-for-stm32.7-2018-q2-update.win32_1.5.0.202011040924/tools/bin/../lib/gcc/arm-none-eabi/7.3.1/../../../../arm-none-eabi/lib/thumb/v7-m\libc_nano.a(lib_a-memset.o)
                0x00000000080012fc                memset
 *(.glue_7)
 .glue_7        0x000000000800130c        0x0 linker stubs
 *(.glue_7t)
 .glue_7t       0x000000000800130c        0x0 linker stubs
 *(.eh_frame)
 .eh_frame      0x000000000800130c        0x0 d:/stm32/stm32cubeide_1.5.0/stm32cubeide/plugins/com.st.stm32cube.ide.mcu.externaltools.gnu-tools-for-stm32.7-2018-q2-update.win32_1.5.0.202011040924/tools/bin/../lib/gcc/arm-none-eabi/7.3.1/thumb/v7-m/crtbegin.o
 *(.init)
 .init          0x000000000800130c        0x4 d:/stm32/stm32cubeide_1.5.0/stm32cubeide/plugins/com.st.stm32cube.ide.mcu.externaltools.gnu-tools-for-stm32.7-2018-q2-update.win32_1.5.0.202011040924/tools/bin/../lib/gcc/arm-none-eabi/7.3.1/thumb/v7-m/crti.o
                0x000000000800130c                _init
 .init          0x0000000008001310        0x8 d:/stm32/stm32cubeide_1.5.0/stm32cubeide/plugins/com.st.stm32cube.ide.mcu.externaltools.gnu-tools-for-stm32.7-2018-q2-update.win32_1.5.0.202011040924/tools/bin/../lib/gcc/arm-none-eabi/7.3.1/thumb/v7-m/crtn.o
 *(.fini)
 .fini          0x0000000008001318        0x4 d:/stm32/stm32cubeide_1.5.0/stm32cubeide/plugins/com.st.stm32cube.ide.mcu.externaltools.gnu-tools-for-stm32.7-2018-q2-update.win32_1.5.0.202011040924/tools/bin/../lib/gcc/arm-none-eabi/7.3.1/thumb/v7-m/crti.o
                0x0000000008001318                _fini
 .fini          0x000000000800131c        0x8 d:/stm32/stm32cubeide_1.5.0/stm32cubeide/plugins/com.st.stm32cube.ide.mcu.externaltools.gnu-tools-for-stm32.7-2018-q2-update.win32_1.5.0.202011040924/tools/bin/../lib/gcc/arm-none-eabi/7.3.1/thumb/v7-m/crtn.o
                0x0000000008001324                . = ALIGN (0x4)
                0x0000000008001324                _etext = .

.vfp11_veneer   0x0000000008001324        0x0
 .vfp11_veneer  0x0000000008001324        0x0 linker stubs

.v4_bx          0x0000000008001324        0x0
 .v4_bx         0x0000000008001324        0x0 linker stubs

.iplt           0x0000000008001324        0x0
 .iplt          0x0000000008001324        0x0 d:/stm32/stm32cubeide_1.5.0/stm32cubeide/plugins/com.st.stm32cube.ide.mcu.externaltools.gnu-tools-for-stm32.7-2018-q2-update.win32_1.5.0.202011040924/tools/bin/../lib/gcc/arm-none-eabi/7.3.1/thumb/v7-m/crtbegin.o

.rodata         0x0000000008001324       0x24
                0x0000000008001324                . = ALIGN (0x4)
 *(.rodata)
 .rodata        0x0000000008001324       0x12 Drivers/STM32F1xx_HAL_Driver/Src/stm32f1xx_hal_rcc.o
 *(.rodata*)
 *fill*         0x0000000008001336        0x2 
 .rodata.AHBPrescTable
                0x0000000008001338       0x10 Core/Src/system_stm32f1xx.o
                0x0000000008001338                AHBPrescTable
                0x0000000008001348                . = ALIGN (0x4)

.rel.dyn        0x0000000008001348        0x0
 .rel.iplt      0x0000000008001348        0x0 d:/stm32/stm32cubeide_1.5.0/stm32cubeide/plugins/com.st.stm32cube.ide.mcu.externaltools.gnu-tools-for-stm32.7-2018-q2-update.win32_1.5.0.202011040924/tools/bin/../lib/gcc/arm-none-eabi/7.3.1/thumb/v7-m/crtbegin.o

.ARM.extab      0x0000000008001348        0x0
                0x0000000008001348                . = ALIGN (0x4)
 *(.ARM.extab* .gnu.linkonce.armextab.*)
                0x0000000008001348                . = ALIGN (0x4)

.ARM            0x0000000008001348        0x0
                0x0000000008001348                . = ALIGN (0x4)
                0x0000000008001348                __exidx_start = .
 *(.ARM.exidx*)
                0x0000000008001348                __exidx_end = .
                0x0000000008001348                . = ALIGN (0x4)

.preinit_array  0x0000000008001348        0x0
                0x0000000008001348                . = ALIGN (0x4)
                0x0000000008001348                PROVIDE (__preinit_array_start = .)
 *(.preinit_array*)
                0x0000000008001348                PROVIDE (__preinit_array_end = .)
                0x0000000008001348                . = ALIGN (0x4)

.init_array     0x0000000008001348        0x4
                0x0000000008001348                . = ALIGN (0x4)
                0x0000000008001348                PROVIDE (__init_array_start = .)
 *(SORT_BY_NAME(.init_array.*))
 *(.init_array*)
 .init_array    0x0000000008001348        0x4 d:/stm32/stm32cubeide_1.5.0/stm32cubeide/plugins/com.st.stm32cube.ide.mcu.externaltools.gnu-tools-for-stm32.7-2018-q2-update.win32_1.5.0.202011040924/tools/bin/../lib/gcc/arm-none-eabi/7.3.1/thumb/v7-m/crtbegin.o
                0x000000000800134c                PROVIDE (__init_array_end = .)
                0x000000000800134c                . = ALIGN (0x4)

.fini_array     0x000000000800134c        0x4
                0x000000000800134c                . = ALIGN (0x4)
                [!provide]                        PROVIDE (__fini_array_start = .)
 *(SORT_BY_NAME(.fini_array.*))
 *(.fini_array*)
 .fini_array    0x000000000800134c        0x4 d:/stm32/stm32cubeide_1.5.0/stm32cubeide/plugins/com.st.stm32cube.ide.mcu.externaltools.gnu-tools-for-stm32.7-2018-q2-update.win32_1.5.0.202011040924/tools/bin/../lib/gcc/arm-none-eabi/7.3.1/thumb/v7-m/crtbegin.o
                [!provide]                        PROVIDE (__fini_array_end = .)
                0x0000000008001350                . = ALIGN (0x4)
                0x0000000008001350                _sidata = LOADADDR (.data)

.data           0x0000000020000000        0xc load address 0x0000000008001350
                0x0000000020000000                . = ALIGN (0x4)
                0x0000000020000000                _sdata = .
 *(.data)
 *(.data*)
 .data.SystemCoreClock
                0x0000000020000000        0x4 Core/Src/system_stm32f1xx.o
                0x0000000020000000                SystemCoreClock
 .data.uwTickPrio
                0x0000000020000004        0x4 Drivers/STM32F1xx_HAL_Driver/Src/stm32f1xx_hal.o
                0x0000000020000004                uwTickPrio
 .data.uwTickFreq
                0x0000000020000008        0x1 Drivers/STM32F1xx_HAL_Driver/Src/stm32f1xx_hal.o
                0x0000000020000008                uwTickFreq
 *(.RamFunc)
 *(.RamFunc*)
                0x000000002000000c                . = ALIGN (0x4)
 *fill*         0x0000000020000009        0x3 
                0x000000002000000c                _edata = .

.igot.plt       0x000000002000000c        0x0 load address 0x000000000800135c
 .igot.plt      0x000000002000000c        0x0 d:/stm32/stm32cubeide_1.5.0/stm32cubeide/plugins/com.st.stm32cube.ide.mcu.externaltools.gnu-tools-for-stm32.7-2018-q2-update.win32_1.5.0.202011040924/tools/bin/../lib/gcc/arm-none-eabi/7.3.1/thumb/v7-m/crtbegin.o
                0x000000002000000c                . = ALIGN (0x4)

.bss            0x000000002000000c       0x20 load address 0x000000000800135c
                0x000000002000000c                _sbss = .
                0x000000002000000c                __bss_start__ = _sbss
 *(.bss)
 .bss           0x000000002000000c       0x1c d:/stm32/stm32cubeide_1.5.0/stm32cubeide/plugins/com.st.stm32cube.ide.mcu.externaltools.gnu-tools-for-stm32.7-2018-q2-update.win32_1.5.0.202011040924/tools/bin/../lib/gcc/arm-none-eabi/7.3.1/thumb/v7-m/crtbegin.o
 *(.bss*)
 *(COMMON)
 COMMON         0x0000000020000028        0x4 Drivers/STM32F1xx_HAL_Driver/Src/stm32f1xx_hal.o
                0x0000000020000028                uwTick
                0x000000002000002c                . = ALIGN (0x4)
                0x000000002000002c                _ebss = .
                0x000000002000002c                __bss_end__ = _ebss

._user_heap_stack
                0x000000002000002c      0x604 load address 0x000000000800135c
                0x0000000020000030                . = ALIGN (0x8)
 *fill*         0x000000002000002c        0x4 
                [!provide]                        PROVIDE (end = .)
                0x0000000020000030                PROVIDE (_end = .)
                0x0000000020000230                . = (. + _Min_Heap_Size)
 *fill*         0x0000000020000030      0x200 
                0x0000000020000630                . = (. + _Min_Stack_Size)
 *fill*         0x0000000020000230      0x400 
                0x0000000020000630                . = ALIGN (0x8)

/DISCARD/
 libc.a(*)
 libm.a(*)
 libgcc.a(*)

.ARM.attributes
                0x0000000000000000       0x29
 *(.ARM.attributes)
 .ARM.attributes
                0x0000000000000000       0x1d d:/stm32/stm32cubeide_1.5.0/stm32cubeide/plugins/com.st.stm32cube.ide.mcu.externaltools.gnu-tools-for-stm32.7-2018-q2-update.win32_1.5.0.202011040924/tools/bin/../lib/gcc/arm-none-eabi/7.3.1/thumb/v7-m/crti.o
 .ARM.attributes
                0x000000000000001d       0x2d d:/stm32/stm32cubeide_1.5.0/stm32cubeide/plugins/com.st.stm32cube.ide.mcu.externaltools.gnu-tools-for-stm32.7-2018-q2-update.win32_1.5.0.202011040924/tools/bin/../lib/gcc/arm-none-eabi/7.3.1/thumb/v7-m/crtbegin.o
 .ARM.attributes
                0x000000000000004a       0x33 Core/Src/main.o
 .ARM.attributes
                0x000000000000007d       0x33 Core/Src/stm32f1xx_hal_msp.o
 .ARM.attributes
                0x00000000000000b0       0x33 Core/Src/stm32f1xx_it.o
 .ARM.attributes
                0x00000000000000e3       0x33 Core/Src/system_stm32f1xx.o
 .ARM.attributes
                0x0000000000000116       0x21 Core/Startup/startup_stm32f103c6ux.o
 .ARM.attributes
                0x0000000000000137       0x33 Drivers/STM32F1xx_HAL_Driver/Src/stm32f1xx_hal.o
 .ARM.attributes
                0x000000000000016a       0x33 Drivers/STM32F1xx_HAL_Driver/Src/stm32f1xx_hal_cortex.o
 .ARM.attributes
                0x000000000000019d       0x33 Drivers/STM32F1xx_HAL_Driver/Src/stm32f1xx_hal_gpio.o
 .ARM.attributes
                0x00000000000001d0       0x33 Drivers/STM32F1xx_HAL_Driver/Src/stm32f1xx_hal_rcc.o
 .ARM.attributes
                0x0000000000000203       0x2d d:/stm32/stm32cubeide_1.5.0/stm32cubeide/plugins/com.st.stm32cube.ide.mcu.externaltools.gnu-tools-for-stm32.7-2018-q2-update.win32_1.5.0.202011040924/tools/bin/../lib/gcc/arm-none-eabi/7.3.1/../../../../arm-none-eabi/lib/thumb/v7-m\libc_nano.a(lib_a-init.o)
 .ARM.attributes
                0x0000000000000230       0x2d d:/stm32/stm32cubeide_1.5.0/stm32cubeide/plugins/com.st.stm32cube.ide.mcu.externaltools.gnu-tools-for-stm32.7-2018-q2-update.win32_1.5.0.202011040924/tools/bin/../lib/gcc/arm-none-eabi/7.3.1/../../../../arm-none-eabi/lib/thumb/v7-m\libc_nano.a(lib_a-memset.o)
 .ARM.attributes
                0x000000000000025d       0x1d d:/stm32/stm32cubeide_1.5.0/stm32cubeide/plugins/com.st.stm32cube.ide.mcu.externaltools.gnu-tools-for-stm32.7-2018-q2-update.win32_1.5.0.202011040924/tools/bin/../lib/gcc/arm-none-eabi/7.3.1/thumb/v7-m/crtn.o
OUTPUT(Bai10.elf elf32-littlearm)

.debug_info     0x0000000000000000     0x2e0a
 .debug_info    0x0000000000000000      0x59b Core/Src/main.o
 .debug_info    0x000000000000059b      0x2d6 Core/Src/stm32f1xx_hal_msp.o
 .debug_info    0x0000000000000871      0x20a Core/Src/stm32f1xx_it.o
 .debug_info    0x0000000000000a7b      0x29a Core/Src/system_stm32f1xx.o
 .debug_info    0x0000000000000d15       0x22 Core/Startup/startup_stm32f103c6ux.o
 .debug_info    0x0000000000000d37      0x6f6 Drivers/STM32F1xx_HAL_Driver/Src/stm32f1xx_hal.o
 .debug_info    0x000000000000142d      0xb33 Drivers/STM32F1xx_HAL_Driver/Src/stm32f1xx_hal_cortex.o
 .debug_info    0x0000000000001f60      0x69b Drivers/STM32F1xx_HAL_Driver/Src/stm32f1xx_hal_gpio.o
 .debug_info    0x00000000000025fb      0x80f Drivers/STM32F1xx_HAL_Driver/Src/stm32f1xx_hal_rcc.o

.debug_abbrev   0x0000000000000000      0xd97
 .debug_abbrev  0x0000000000000000      0x1e3 Core/Src/main.o
 .debug_abbrev  0x00000000000001e3      0x109 Core/Src/stm32f1xx_hal_msp.o
 .debug_abbrev  0x00000000000002ec       0xc6 Core/Src/stm32f1xx_it.o
 .debug_abbrev  0x00000000000003b2      0x134 Core/Src/system_stm32f1xx.o
 .debug_abbrev  0x00000000000004e6       0x12 Core/Startup/startup_stm32f103c6ux.o
 .debug_abbrev  0x00000000000004f8      0x1c7 Drivers/STM32F1xx_HAL_Driver/Src/stm32f1xx_hal.o
 .debug_abbrev  0x00000000000006bf      0x2d5 Drivers/STM32F1xx_HAL_Driver/Src/stm32f1xx_hal_cortex.o
 .debug_abbrev  0x0000000000000994      0x1c0 Drivers/STM32F1xx_HAL_Driver/Src/stm32f1xx_hal_gpio.o
 .debug_abbrev  0x0000000000000b54      0x243 Drivers/STM32F1xx_HAL_Driver/Src/stm32f1xx_hal_rcc.o

.debug_aranges  0x0000000000000000      0x3f0
 .debug_aranges
                0x0000000000000000       0x58 Core/Src/main.o
 .debug_aranges
                0x0000000000000058       0x20 Core/Src/stm32f1xx_hal_msp.o
 .debug_aranges
                0x0000000000000078       0x60 Core/Src/stm32f1xx_it.o
 .debug_aranges
                0x00000000000000d8       0x28 Core/Src/system_stm32f1xx.o
 .debug_aranges
                0x0000000000000100       0x28 Core/Startup/startup_stm32f103c6ux.o
 .debug_aranges
                0x0000000000000128       0xe0 Drivers/STM32F1xx_HAL_Driver/Src/stm32f1xx_hal.o
 .debug_aranges
                0x0000000000000208      0x100 Drivers/STM32F1xx_HAL_Driver/Src/stm32f1xx_hal_cortex.o
 .debug_aranges
                0x0000000000000308       0x58 Drivers/STM32F1xx_HAL_Driver/Src/stm32f1xx_hal_gpio.o
 .debug_aranges
                0x0000000000000360       0x90 Drivers/STM32F1xx_HAL_Driver/Src/stm32f1xx_hal_rcc.o

.debug_ranges   0x0000000000000000      0x368
 .debug_ranges  0x0000000000000000       0x48 Core/Src/main.o
 .debug_ranges  0x0000000000000048       0x10 Core/Src/stm32f1xx_hal_msp.o
 .debug_ranges  0x0000000000000058       0x50 Core/Src/stm32f1xx_it.o
 .debug_ranges  0x00000000000000a8       0x18 Core/Src/system_stm32f1xx.o
 .debug_ranges  0x00000000000000c0       0x20 Core/Startup/startup_stm32f103c6ux.o
 .debug_ranges  0x00000000000000e0       0xd0 Drivers/STM32F1xx_HAL_Driver/Src/stm32f1xx_hal.o
 .debug_ranges  0x00000000000001b0       0xf0 Drivers/STM32F1xx_HAL_Driver/Src/stm32f1xx_hal_cortex.o
 .debug_ranges  0x00000000000002a0       0x48 Drivers/STM32F1xx_HAL_Driver/Src/stm32f1xx_hal_gpio.o
 .debug_ranges  0x00000000000002e8       0x80 Drivers/STM32F1xx_HAL_Driver/Src/stm32f1xx_hal_rcc.o

.debug_macro    0x0000000000000000    0x15548
 .debug_macro   0x0000000000000000      0x192 Core/Src/main.o
 .debug_macro   0x0000000000000192      0xa5a Core/Src/main.o
 .debug_macro   0x0000000000000bec      0x20f Core/Src/main.o
 .debug_macro   0x0000000000000dfb       0x2e Core/Src/main.o
 .debug_macro   0x0000000000000e29       0x22 Core/Src/main.o
 .debug_macro   0x0000000000000e4b       0x22 Core/Src/main.o
 .debug_macro   0x0000000000000e6d       0x8e Core/Src/main.o
 .debug_macro   0x0000000000000efb       0x51 Core/Src/main.o
 .debug_macro   0x0000000000000f4c       0xef Core/Src/main.o
 .debug_macro   0x000000000000103b       0x6a Core/Src/main.o
 .debug_macro   0x00000000000010a5      0x1df Core/Src/main.o
 .debug_macro   0x0000000000001284       0x1c Core/Src/main.o
 .debug_macro   0x00000000000012a0       0x22 Core/Src/main.o
 .debug_macro   0x00000000000012c2       0xc3 Core/Src/main.o
 .debug_macro   0x0000000000001385      0xd23 Core/Src/main.o
 .debug_macro   0x00000000000020a8     0xde75 Core/Src/main.o
 .debug_macro   0x000000000000ff1d       0x6d Core/Src/main.o
 .debug_macro   0x000000000000ff8a     0x3468 Core/Src/main.o
 .debug_macro   0x00000000000133f2      0x174 Core/Src/main.o
 .debug_macro   0x0000000000013566       0x5c Core/Src/main.o
 .debug_macro   0x00000000000135c2      0x5be Core/Src/main.o
 .debug_macro   0x0000000000013b80      0x1b7 Core/Src/main.o
 .debug_macro   0x0000000000013d37      0x1cb Core/Src/main.o
 .debug_macro   0x0000000000013f02      0x114 Core/Src/main.o
 .debug_macro   0x0000000000014016      0x1b2 Core/Src/main.o
 .debug_macro   0x00000000000141c8       0x27 Core/Src/main.o
 .debug_macro   0x00000000000141ef      0x12f Core/Src/main.o
 .debug_macro   0x000000000001431e      0x1bc Core/Src/main.o
 .debug_macro   0x00000000000144da       0x34 Core/Src/main.o
 .debug_macro   0x000000000001450e       0x3c Core/Src/main.o
 .debug_macro   0x000000000001454a       0x57 Core/Src/main.o
 .debug_macro   0x00000000000145a1       0x88 Core/Src/main.o
 .debug_macro   0x0000000000014629      0x183 Core/Src/main.o
 .debug_macro   0x00000000000147ac      0x141 Core/Src/main.o
 .debug_macro   0x00000000000148ed       0x69 Core/Src/main.o
 .debug_macro   0x0000000000014956       0x94 Core/Src/main.o
 .debug_macro   0x00000000000149ea      0x192 Core/Src/stm32f1xx_hal_msp.o
 .debug_macro   0x0000000000014b7c      0x19c Core/Src/stm32f1xx_it.o
 .debug_macro   0x0000000000014d18      0x183 Core/Src/system_stm32f1xx.o
 .debug_macro   0x0000000000014e9b      0x1a7 Drivers/STM32F1xx_HAL_Driver/Src/stm32f1xx_hal.o
 .debug_macro   0x0000000000015042      0x183 Drivers/STM32F1xx_HAL_Driver/Src/stm32f1xx_hal_cortex.o
 .debug_macro   0x00000000000151c5      0x1ee Drivers/STM32F1xx_HAL_Driver/Src/stm32f1xx_hal_gpio.o
 .debug_macro   0x00000000000153b3      0x195 Drivers/STM32F1xx_HAL_Driver/Src/stm32f1xx_hal_rcc.o

.debug_line     0x0000000000000000     0x3cfd
 .debug_line    0x0000000000000000      0x724 Core/Src/main.o
 .debug_line    0x0000000000000724      0x63b Core/Src/stm32f1xx_hal_msp.o
 .debug_line    0x0000000000000d5f      0x6e2 Core/Src/stm32f1xx_it.o
 .debug_line    0x0000000000001441      0x662 Core/Src/system_stm32f1xx.o
 .debug_line    0x0000000000001aa3       0x87 Core/Startup/startup_stm32f103c6ux.o
 .debug_line    0x0000000000001b2a      0x815 Drivers/STM32F1xx_HAL_Driver/Src/stm32f1xx_hal.o
 .debug_line    0x000000000000233f      0x8ec Drivers/STM32F1xx_HAL_Driver/Src/stm32f1xx_hal_cortex.o
 .debug_line    0x0000000000002c2b      0x7fd Drivers/STM32F1xx_HAL_Driver/Src/stm32f1xx_hal_gpio.o
 .debug_line    0x0000000000003428      0x8d5 Drivers/STM32F1xx_HAL_Driver/Src/stm32f1xx_hal_rcc.o

.debug_str      0x0000000000000000    0x797b1
 .debug_str     0x0000000000000000    0x78871 Core/Src/main.o
                                      0x78bb3 (size before relaxing)
 .debug_str     0x0000000000078871       0x5a Core/Src/stm32f1xx_hal_msp.o
                                      0x789bd (size before relaxing)
 .debug_str     0x00000000000788cb       0xbd Core/Src/stm32f1xx_it.o
                                      0x789da (size before relaxing)
 .debug_str     0x0000000000078988       0x52 Core/Src/system_stm32f1xx.o
                                      0x787e6 (size before relaxing)
 .debug_str     0x00000000000789da       0x36 Core/Startup/startup_stm32f103c6ux.o
                                         0x4e (size before relaxing)
 .debug_str     0x0000000000078a10      0x52e Drivers/STM32F1xx_HAL_Driver/Src/stm32f1xx_hal.o
                                      0x78e3d (size before relaxing)
 .debug_str     0x0000000000078f3e      0x300 Drivers/STM32F1xx_HAL_Driver/Src/stm32f1xx_hal_cortex.o
                                      0x78e45 (size before relaxing)
 .debug_str     0x000000000007923e      0x324 Drivers/STM32F1xx_HAL_Driver/Src/stm32f1xx_hal_gpio.o
                                      0x78baa (size before relaxing)
 .debug_str     0x0000000000079562      0x24f Drivers/STM32F1xx_HAL_Driver/Src/stm32f1xx_hal_rcc.o
                                      0x78be3 (size before relaxing)

.comment        0x0000000000000000       0x7b
 .comment       0x0000000000000000       0x7b Core/Src/main.o
                                         0x7c (size before relaxing)
 .comment       0x000000000000007b       0x7c Core/Src/stm32f1xx_hal_msp.o
 .comment       0x000000000000007b       0x7c Core/Src/stm32f1xx_it.o
 .comment       0x000000000000007b       0x7c Core/Src/system_stm32f1xx.o
 .comment       0x000000000000007b       0x7c Drivers/STM32F1xx_HAL_Driver/Src/stm32f1xx_hal.o
 .comment       0x000000000000007b       0x7c Drivers/STM32F1xx_HAL_Driver/Src/stm32f1xx_hal_cortex.o
 .comment       0x000000000000007b       0x7c Drivers/STM32F1xx_HAL_Driver/Src/stm32f1xx_hal_gpio.o
 .comment       0x000000000000007b       0x7c Drivers/STM32F1xx_HAL_Driver/Src/stm32f1xx_hal_rcc.o

.debug_frame    0x0000000000000000      0xdbc
 .debug_frame   0x0000000000000000      0x118 Core/Src/main.o
 .debug_frame   0x0000000000000118       0x38 Core/Src/stm32f1xx_hal_msp.o
 .debug_frame   0x0000000000000150      0x104 Core/Src/stm32f1xx_it.o
 .debug_frame   0x0000000000000254       0x58 Core/Src/system_stm32f1xx.o
 .debug_frame   0x00000000000002ac      0x334 Drivers/STM32F1xx_HAL_Driver/Src/stm32f1xx_hal.o
 .debug_frame   0x00000000000005e0      0x428 Drivers/STM32F1xx_HAL_Driver/Src/stm32f1xx_hal_cortex.o
 .debug_frame   0x0000000000000a08      0x14c Drivers/STM32F1xx_HAL_Driver/Src/stm32f1xx_hal_gpio.o
 .debug_frame   0x0000000000000b54      0x21c Drivers/STM32F1xx_HAL_Driver/Src/stm32f1xx_hal_rcc.o
 .debug_frame   0x0000000000000d70       0x2c d:/stm32/stm32cubeide_1.5.0/stm32cubeide/plugins/com.st.stm32cube.ide.mcu.externaltools.gnu-tools-for-stm32.7-2018-q2-update.win32_1.5.0.202011040924/tools/bin/../lib/gcc/arm-none-eabi/7.3.1/../../../../arm-none-eabi/lib/thumb/v7-m\libc_nano.a(lib_a-init.o)
 .debug_frame   0x0000000000000d9c       0x20 d:/stm32/stm32cubeide_1.5.0/stm32cubeide/plugins/com.st.stm32cube.ide.mcu.externaltools.gnu-tools-for-stm32.7-2018-q2-update.win32_1.5.0.202011040924/tools/bin/../lib/gcc/arm-none-eabi/7.3.1/../../../../arm-none-eabi/lib/thumb/v7-m\libc_nano.a(lib_a-memset.o)
